MACRO ASSEMBLER LAUFLICHTIMER                               10/04/18 17:58:20 PAGE     1


WIN32 MACRO ASSEMBLER MA51 V06.04.14OBJECT MODULE PLACED IN D:\ABITUR\TIT-H\MIKROCONTROLLER\ASSEMBLER-PATTERNS\TIMER\CODE\LAUFLICHTTIMER\8051-1\CODE\TEST\LAUFLICHTIMER.OBJ
ASSEMBLER INVOKED BY: MA51.EXE D:\ABITUR\TIT-H\MIKROCONTROLLER\ASSEMBLER-PATTERNS\TIMER\CODE\LAUFLICHTTIMER\8051-1\CODE\TEST\LAUFLICHTIMER.A51 OJ(D:\ABITUR\TIT-H\MIKROCONTROLLER\ASSEMBLER-PATTERNS\TIMER\CODE\LAUFLICHTTIMER\8051-1\CODE\TEST\LAUFLICHTIMER.OBJ) PIN(C:\RIDE\INC;C:\RIDE\INC\51) PIN(C:\RIDE\INC\51\) EP LINES SYNTAX(ASM51) PR(D:\ABITUR\TIT-H\MIKROCONTROLLER\ASSEMBLER-PATTERNS\TIMER\CODE\LAUFLICHTTIMER\8051-1\CODE\TEST\LAUFLICHTIMER.LST) XR DB PW(80) RB(0) 

LOC     OBJ           LINE    SOURCE
                         1     INCLUDE REG51.INC
                        80     ; Autor    : Daniel Vera gilliard
                        81     ; Beschreibung: Ein lauflicht mit einem 1s Timer als Pause
                        82     ;---------------------------------------------------------------
                        83     
                        84     ; Programmbeginn
0000    02000C          85             JMP INIT ; Interrupts Überspringen
                        86     
                        87     ; Interruptroutinen
                        88     
                        89     ; Interrrupt 0
  0003                  90     ORG 03H ; ISR für Interrupt0 wird festgelegt
0003    19              91     DEC R1 
                        92     ;clr TR0 ;Timer Stoppen
                        93     ;pruefe:
                        94     ;DJNZ 0x01, weiter ;R1 vermindern. Falss 0(Lauflicht erhöhen) sonst weiter
                        95     ;call lauflicht ;lauflicht eins weiter
                        96     ;weiter:
                        97     ;call timer0_int ;Startwerte neu Setzen
                        98     ;SETB TR0 ;Timer wieder starten 
0004    32              99     RETI
                       100     
                       101     ;- - - - - - - - - - - - - - - - - - - - - - - - - - - - - - - -
                       102     ; Interruptbehandlungsroutine Timer 0
                       103     TIMER0_INT: 
0005    758ADC         104             MOV TL0,#0XDC ;Startwert festlegen
0008    758C0B         105             MOV TH0,#0XB
000B    22             106             RET
                       107     
                       108     ; Initialisierung
                       109     ;---------------------------------------------------------------
                       110     INIT: 
                       111     
                       112     ;Variablen
000C    791E           113             MOV R1, #30D ;R1 für den timer auf null setzen
000E    7401           114             MOV A, #1D ;Lauflicht auf 1 setzen
                       115     
                       116     ; Timer 0 aktivieren
                       117     ;  Intervall: x.xx ms
0010    758ADC         118             MOV TL0,#0XDC ;Startwert festlegen
0013    758C0B         119             MOV TH0,#0XB  
                       120     
                       121     ; die SFR's initialisieren
0016    758901         122             MOV TMOD,#00000001B ;Timer einschalten
0019    758810         123             MOV TCON,#00010000B ;Timer konfigurieren & starten
                       124     
                       125     ;Interrupts setzen
001C    D2A9           126             SETB ET0 ;Timer 0 setzen
001E    D2AF           127             SETB EA  ; Allgemeine Interrupt freigabe
0020    020023         128             JMP MAIN
                       129     
                       130     ; Hauptprogramm
                       131     ;---------------------------------------------------------------
                       132     MAIN: 
0023    F580           133     MOV P0, A ;Wert von Akku auf das Lauflicht anzeigen
                       134     
                       135     ;Programm um Lauflicht zu erhöhen
                       136     LAUFLICHT: 
0025    23             137     RL A ;Akku nach links rotieren
0026    B480FA         138     CJNE A, #10000000B, MAIN
0029    758080         139     MOV P0, #10000000B
002C    7401           140     MOV A, #1D
002E    80F3           141     JMP MAIN

*** WARNING #87 IN LINE 63 OF lauflichtimer.a51 : MISSING 'END' STATEMENT
MACRO ASSEMBLER LAUFLICHTIMER                               10/04/18 17:58:20 PAGE     0


SYMBOL TABLE LISTING
------ ----- -------


N A M E             T Y P E  V A L U E   ATTRIBUTES             REFERENCES

DPL. . . . . . . .  D ADDR   0082H   A                          16# 
P0 . . . . . . . .  D ADDR   0080H   A                          8# 133 139 
P1 . . . . . . . .  D ADDR   0090H   A                          9# 
B. . . . . . . . .  D ADDR   00F0H   A                          14# 
P2 . . . . . . . .  D ADDR   00A0H   A                          10# 
PS . . . . . . . .  B ADDR   00B8H.4 A                          57# 
SP . . . . . . . .  D ADDR   0081H   A                          15# 
P3 . . . . . . . .  D ADDR   00B0H   A                          11# 
T0 . . . . . . . .  B ADDR   00B0H.4 A                          66# 
AC . . . . . . . .  B ADDR   00D0H.6 A                          34# 
MAIN . . . . . . .  C ADDR   0023H   A                          128 132# 138 141 
                                                                
REN. . . . . . . .  B ADDR   0098H.4 A                          75# 
T1 . . . . . . . .  B ADDR   00B0H.5 A                          65# 
OV . . . . . . . .  B ADDR   00D0H.2 A                          38# 
EA . . . . . . . .  B ADDR   00A8H.7 A                          50# 127 
ACC. . . . . . . .  D ADDR   00E0H   A                          13# 
WR . . . . . . . .  B ADDR   00B0H.6 A                          64# 
ET0. . . . . . . .  B ADDR   00A8H.1 A                          54# 126 
ET1. . . . . . . .  B ADDR   00A8H.3 A                          52# 
TF0. . . . . . . .  B ADDR   0088H.5 A                          43# 
TF1. . . . . . . .  B ADDR   0088H.7 A                          41# 
RB8. . . . . . . .  B ADDR   0098H.2 A                          77# 
TH0. . . . . . . .  D ADDR   008CH   A                          23# 105 119 
EX0. . . . . . . .  B ADDR   00A8H.0 A                          55# 
IT0. . . . . . . .  B ADDR   0088H.0 A                          48# 
TH1. . . . . . . .  D ADDR   008DH   A                          24# 
TB8. . . . . . . .  B ADDR   0098H.3 A                          76# 
RXD. . . . . . . .  B ADDR   00B0H.0 A                          70# 
EX1. . . . . . . .  B ADDR   00A8H.2 A                          53# 
IT1. . . . . . . .  B ADDR   0088H.2 A                          46# 
IE . . . . . . . .  D ADDR   00A8H   A                          25# 
SM0. . . . . . . .  B ADDR   0098H.7 A                          72# 
TXD. . . . . . . .  B ADDR   00B0H.1 A                          69# 
P. . . . . . . . .  B ADDR   00D0H.0 A                          39# 
SBUF . . . . . . .  D ADDR   0099H   A                          28# 
TL0. . . . . . . .  D ADDR   008AH   A                          21# 104 118 
PCON . . . . . . .  D ADDR   0087H   A                          18# 
SM1. . . . . . . .  B ADDR   0098H.6 A                          73# 
TL1. . . . . . . .  D ADDR   008BH   A                          22# 
SM2. . . . . . . .  B ADDR   0098H.5 A                          74# 
SCON . . . . . . .  D ADDR   0098H   A                          27# 
INIT . . . . . . .  C ADDR   000CH   A                          85 110# 
PT0. . . . . . . .  B ADDR   00B8H.1 A                          60# 
TMOD . . . . . . .  D ADDR   0089H   A                          20# 122 
TCON . . . . . . .  D ADDR   0088H   A                          19# 123 
PT1. . . . . . . .  B ADDR   00B8H.3 A                          58# 
RS0. . . . . . . .  B ADDR   00D0H.3 A                          37# 
RD . . . . . . . .  B ADDR   00B0H.7 A                          63# 
TR0. . . . . . . .  B ADDR   0088H.4 A                          44# 
RS1. . . . . . . .  B ADDR   00D0H.4 A                          36# 
F0 . . . . . . . .  B ADDR   00D0H.5 A                          35# 
TR1. . . . . . . .  B ADDR   0088H.6 A                          42# 
PX0. . . . . . . .  B ADDR   00B8H.0 A                          61# 
ES . . . . . . . .  B ADDR   00A8H.4 A                          51# 
PX1. . . . . . . .  B ADDR   00B8H.2 A                          59# 
IP . . . . . . . .  D ADDR   00B8H   A                          26# 
PSW. . . . . . . .  D ADDR   00D0H   A                          12# 
TIMER0_INT . . . .  C ADDR   0005H   A                          103# 
RI . . . . . . . .  B ADDR   0098H.0 A                          79# 
INT0 . . . . . . .  B ADDR   00B0H.2 A                          68# 
LAUFLICHT. . . . .  C ADDR   0025H   A                          136# 
INT1 . . . . . . .  B ADDR   00B0H.3 A                          67# 
CY . . . . . . . .  B ADDR   00D0H.7 A                          33# 
DPH. . . . . . . .  D ADDR   0083H   A                          17# 
TI . . . . . . . .  B ADDR   0098H.1 A                          78# 
IE0. . . . . . . .  B ADDR   0088H.1 A                          47# 
IE1. . . . . . . .  B ADDR   0088H.3 A                          45# 



MODULE INFORMATION:   STATIC OVERLAYABLE
   CODE SIZE        =     48    ----
   XDATA SIZE       =   ----    ----
   DATA SIZE        =   ----    ----
   IDATA SIZE       =   ----    ----
   BIT SIZE         =   ----    ----
END OF MODULE INFORMATION.


REGISTER BANK(S) USED : 0 

ASSEMBLY COMPLETE.   1 WARNING(S)   0 ERROR(S)
